# updating local db changes to heroku
$ git push heroku your_local_branch_name:master
$ heroku addons:create heroku-postgresql:hobby-dev
$ heroku run npm run migrate
# updating local changes to heroku
$ git push heroku develop:master
// To login to heroku pg psql db
$ heroku pg:psql
// babel-node not found
$ heroku config:set NPM_CONFIG_PRODUCTION=false

then using all sql queries associated with postgreSQL
\d tablename


https://teamwork-frontend.herokuapp.com/